{
  "encrypted_value": [
    98,
    227,
    247,
    125,
    18,
    128,
    210,
    249,
    235,
    248,
    0,
    112,
    6,
    3,
    156,
    239,
    40,
    46,
    208,
    108,
    246,
    75,
    59,
    68,
    48,
    2
  ],
  "nonce": [
    1,
    1,
    1,
    1,
    1,
    1,
    1,
    1,
    1,
    1,
    1,
    1,
    1,
    1,
    1,
    1,
    1,
    1,
    1,
    1,
    1,
    1,
    1,
    1
  ]
}